2026-07-31 02:07:58,372 INFO Stored 525 raw records
2026-07-31 02:07:58,420 INFO Stored 520 feature records
2026-07-31 02:07:58,771 INFO Exported 520 feature rows to alt_data.xlsx
^C2026-07-31 17:25:55,230 ERROR Failed to fetch batch ['PSX', 'KSE 100', 'SBP interest rate', 'Pakistan inflation', 'mutual funds Pakistan']
Traceback (most recent call last):
  File "D:\news scrapper\Google trends\collect.py", line 82, in collect
    df = tr.interest_over_time(batch, timeframe=timeframe, geo=geo)
         ^^^^^^^^^^^^^^^^^^^^^^^^^^^^^^^^^^^^^^^^^^^^^^^^^^^^^^^^^^
  File "C:\Users\Chaudhry Fezan\AppData\Local\Programs\Python\Python312\Lib\site-packages\trendspy\client.py", line 372, in interest_over_time
    token, data = self._get_token_data(EMBED_TIMESERIES_URL, locals(), headers=headers)
                  ^^^^^^^^^^^^^^^^^^^^^^^^^^^^^^^^^^^^^^^^^^^^^^^^^^^^^^^^^^^^^^^^^^^^^
  File "C:\Users\Chaudhry Fezan\AppData\Local\Programs\Python\Python312\Lib\site-packages\trendspy\client.py", line 311, in _get_token_data
    data 	= self._token_to_data(token)
            ^^^^^^^^^^^^^^^^^^^^^^^^^^
  File "C:\Users\Chaudhry Fezan\AppData\Local\Programs\Python\Python312\Lib\site-packages\trendspy\client.py", line 287, in _token_to_data
    req    = self._get(URL, params=params)
             ^^^^^^^^^^^^^^^^^^^^^^^^^^^^^
  File "C:\Users\Chaudhry Fezan\AppData\Local\Programs\Python\Python312\Lib\site-packages\trendspy\client.py", line 264, in _get
    last_response.raise_for_status()
  File "C:\Users\Chaudhry Fezan\AppData\Local\Programs\Python\Python312\Lib\site-packages\requests\models.py", line 1026, in raise_for_status
    raise HTTPError(http_error_msg, response=self)
requests.exceptions.HTTPError: 429 Client Error: unknown for url: https://trends.google.com/trends/api/widgetdata/multiline?req=%7B%22time%22%3A+%222024-07-31+2026-07-31%22%2C+%22resolution%22%3A+%22WEEK%22%2C+%22locale%22%3A+%22en-US%22%2C+%22comparisonItem%22%3A+%5B%7B%22geo%22%3A+%7B%22country%22%3A+%22PK%22%7D%2C+%22complexKeywordsRestriction%22%3A+%7B%22keyword%22%3A+%5B%7B%22type%22%3A+%22BROAD%22%2C+%22value%22%3A+%22PSX%22%7D%5D%7D%7D%2C+%7B%22geo%22%3A+%7B%22country%22%3A+%22PK%22%7D%2C+%22complexKeywordsRestriction%22%3A+%7B%22keyword%22%3A+%5B%7B%22type%22%3A+%22BROAD%22%2C+%22value%22%3A+%22KSE+100%22%7D%5D%7D%7D%2C+%7B%22geo%22%3A+%7B%22country%22%3A+%22PK%22%7D%2C+%22complexKeywordsRestriction%22%3A+%7B%22keyword%22%3A+%5B%7B%22type%22%3A+%22BROAD%22%2C+%22value%22%3A+%22SBP+interest+rate%22%7D%5D%7D%7D%2C+%7B%22geo%22%3A+%7B%22country%22%3A+%22PK%22%7D%2C+%22complexKeywordsRestriction%22%3A+%7B%22keyword%22%3A+%5B%7B%22type%22%3A+%22BROAD%22%2C+%22value%22%3A+%22Pakistan+inflation%22%7D%5D%7D%7D%2C+%7B%22geo%22%3A+%7B%22country%22%3A+%22PK%22%7D%2C+%22complexKeywordsRestriction%22%3A+%7B%22keyword%22%3A+%5B%7B%22type%22%3A+%22BROAD%22%2C+%22value%22%3A+%22mutual+funds+Pakistan%22%7D%5D%7D%7D%5D%2C+%22requestOptions%22%3A+%7B%22property%22%3A+%22%22%2C+%22backend%22%3A+%22IZG%22%2C+%22category%22%3A+0%7D%2C+%22userConfig%22%3A+%7B%22userType%22%3A+%22USER_TYPE_EMBED_OVER_QUOTA%22%7D%7D&token=AMbBvsEAAAAAam3lyE588fOXt0YGWi6Ek9QliuYLAWKE&hl=en&tz=360
2026-07-31 17:25:55,287 WARNING No records collected — check keywords/timeframe, or retry later (rate limit).

Warning: Too many rate limit errors (429). Consider increasing request_delay to Trends(request_delay=2.0) before Google implements a long-term rate limit!
^C